// Jest Snapshot v1, https://goo.gl/fbAQLP

exports[`Checks the Note component Checks that Todo renders 1`] = `
<div
  className="notes-container box"
>
  <div
    className="notes-header box-header row"
  >
    <div
      className="col-xs-7"
      style={
        Object {
          "paddingLeft": "0px",
        }
      }
    >
      <h1>
        Notes
      </h1>
    </div>
    <div
      className="col-xs-5"
    >
      <button
        className="new-note-button btn btn-warning"
        disabled={false}
        onClick={[Function]}
        type="button"
      >
        + New note
      </button>
    </div>
  </div>
  <div
    className="notes-body box-body row"
  >
    <div />
  </div>
</div>
`;
