// Jest Snapshot v1, https://goo.gl/fbAQLP

exports[`Checks that the todo component renders correctly Checks that Todo renders 1`] = `
<div
  className="todo-container box"
>
  <div
    className="todo-header box-header row"
  >
    <h1>
      Todo
    </h1>
  </div>
  <div
    className="todo-body box-body row"
  >
    <div>
      <div
        className="row"
      >
        <div
          className="col-xs-10"
        >
          <input
            className="form-control"
            id="todo-form-input"
            onChange={[Function]}
            placeholder="............................................................."
            type="text"
            value=""
          />
        </div>
        <div
          className="col-xs-2"
        >
          <button
            className="todo-add-button btn btn-default"
            disabled={false}
            onClick={[Function]}
            type="button"
          >
            +
          </button>
        </div>
      </div>
      <div
        id="todos"
      />
    </div>
  </div>
</div>
`;
