// Jest Snapshot v1, https://goo.gl/fbAQLP

exports[`Checks that the todo components renders correctly renders correctly 1`] = `
<div>
  <div
    className="row"
  >
    <div
      className="col-xs-10"
    >
      <input
        className="form-control"
        id="todo-form-input"
        onChange={[Function]}
        placeholder="............................................................."
        type="text"
        value=""
      />
    </div>
    <div
      className="col-xs-2"
    >
      <button
        className="todo-add-button btn btn-default"
        disabled={false}
        onClick={[Function]}
        type="button"
      />
    </div>
  </div>
  <div
    id="todos"
  />
</div>
`;
