// Jest Snapshot v1, https://goo.gl/fbAQLP

exports[`Checks that the schedule component renders correctly Checks that Appointment renders 1`] = `
<div
  className="appointment-container"
>
  <div
    className="panel panel-default"
    id={undefined}
  >
    <div
      className="panel-heading"
    >
      <div
        className="panel-title"
      >
        <div
          className="row"
        >
          <div
            className="col-xs-8"
          >
            <p />
          </div>
          <div
            className="col-xs-4"
          >
            <button
              className="delete-appointment btn btn-link"
              disabled={false}
              onClick={[Function]}
              type="button"
            >
              X
            </button>
          </div>
        </div>
      </div>
    </div>
  </div>
</div>
`;
