// Jest Snapshot v1, https://goo.gl/fbAQLP

exports[`Checks that the createNewAppointment component renders correctly Checks that newAppointment renders 1`] = `<div />`;
